{"name":"test","protocol_version":"3","integration_version":"1.0.0","data":[{"entity":{"name":"test","type":"instance","id_attributes":[]},"metrics":[],"inventory":{},"events":[]},{"entity":{"name":"testhost","type":"ms-database","id_attributes":[{"Key":"database","Value":"master"},{"Key":"instance","Value":"MSSQL"}]},"metrics":[{"displayName":"testhost","entityName":"ms-database:testhost","event_type":"MssqlDatabaseSample","host":"testhost","instance":"MSSQL","reportingEndpoint":"testhost"}],"inventory":{},"events":[]},{"entity":{"name":"testhost","type":"ms-database","id_attributes":[{"Key":"database","Value":"otherdb"},{"Key":"instance","Value":"MSSQL"}]},"metrics":[{"displayName":"testhost","entityName":"ms-database:testhost","event_type":"MssqlDatabaseSample","host":"testhost","instance":"MSSQL","reportingEndpoint":"testhost"}],"inventory":{},"events":[]}]}